// Jest Snapshot v1, https://goo.gl/fbAQLP

exports[`key-did-provider-secp256r1 encodeDID 1`] = `"did:key:zruuPojWkzGPb8sVc42f2YxcTXKUTpAUbdrzVovaTBmGGNyK6cGFaA4Kp7SSLKecrxYz8Sc9d77Rss7rayYt1oFCaNJ"`;
